INFO: Configuration loaded successfully from build/../config.json
[INFO] Logger: Creating standard writer thread.
[INFO] Logger: Creating CSV writer thread.
[INFO] CoralEdgeTpu Detector Starting...
[INFO] Signal handlers for SIGINT and SIGTERM set up.
[INFO] Logger: Standard writer thread started.
[INFO] Logger: CSV writer thread started.
[INFO] Initializing modules...
[INFO] Creating CameraCapture...
[2:35:51.508168906] [15015] [1;32m INFO [1;37mCamera [1;34mcamera_manager.cpp:330 [0mlibcamera v0.5.2+99-bfd68f78
[2:35:51.530080226] [15021] [1;32m INFO [1;37mRPI [1;34mpisp.cpp:720 [0mlibpisp version v1.2.1 981977ff21f3 29-04-2025 (14:13:50)
[2:35:51.622911059] [15021] [1;32m INFO [1;37mIPAProxy [1;34mipa_proxy.cpp:180 [0mUsing tuning file /usr/share/libcamera/ipa/rpi/pisp/imx708.json
[2:35:51.633385998] [15021] [1;32m INFO [1;37mCamera [1;34mcamera_manager.cpp:220 [0mAdding camera '/base/axi/pcie@120000/rp1/i2c@88000/imx708@1a' for pipeline handler rpi/pisp
[2:35:51.633417553] [15021] [1;32m INFO [1;37mRPI [1;34mpisp.cpp:1179 [0mRegistered camera /base/axi/pcie@120000/rp1/i2c@88000/imx708@1a to CFE device /dev/media2 and ISP device /dev/media0 using PiSP variant BCM2712_C0
[INFO] Libcamera CameraManager started.
[INFO] CameraCapture created.
[INFO] Creating ImageProcessor...
[INFO] ImageProcessor initialized with TPU input size: 300x300, input format: BGR888
[INFO] ImageProcessor created.
[INFO] Creating InferenceEngine...
[INFO] Model Input Dimensions: 300x300x3
[INFO] Edge TPU delegate creation starting...
[INFO] Edge TPU delegate created successfully in InferenceEngine constructor. Delegate address: 368370807728
[INFO] InferenceEngine created.
[INFO] Creating OrientationSensor...
[INFO] OrientationSensor created (mock data provider). Yaw Port: 2001, Pitch Port: 2002, Roll Port: 2003
[INFO] OrientationSensor created.
[INFO] Creating LogicModule...
[INFO] Calculating zero pitch for 100.000000m...
[WARNING] Trajectory calculation exceeded 5000 steps.
[INFO] Zero pitch found after 1 iterations: 0.000000 rad
[INFO] BallisticsSolver created and zero pitch calculated.
[INFO] LogicModule created with 3D Ballistics Solver, configured from file.
[INFO] LogicModule created.
[INFO] Creating SystemMonitor...
[INFO] SystemMonitor created with interval: 5 seconds.
[INFO] SystemMonitor created.
[INFO] Creating H264Encoder...
[INFO] H264Encoder created.
[INFO] Modules initialized.
[INFO] Starting modules...
[INFO] Starting all modules...
[INFO] ImageProcessor worker thread started.
[INFO] InferenceEngine started with 1 worker threads.
[INFO] CameraCapture::start() called.
[INFO] Selected Camera ID: /base/axi/pcie@120000/rp1/i2c@88000/imx708@1a
[INFO] ImageProcessor worker thread running.
[ERROR] ImageProcessor: Failed to determine OpenCV input type for format BGR888. Worker thread exiting.
[INFO] Acquire: Camera acquired successfully.
[INFO] Camera acquired successfully. Proceeding to setup.
[INFO] Camera acquired and confirmed to be non-null. Proceeding to setup.
[INFO] setup_camera: Configuring camera: /base/axi/pcie@120000/rp1/i2c@88000/imx708@1a
[INFO] CameraConfiguration validate() -> Status: 1
[WARNING] Camera configuration adjusted by libcamera for dual streams.
[INFO] Final stream[0] size=1536x864 fmt='56595559'
[INFO] Final stream[1] size=300x300 fmt='34324752'
[INFO] CameraCapture: Configured main stream format: '56595559', size: 1536x864, stride: 3072 (FOURCC: 1448695129)
[2:35:51.650467136] [15015] [1;32m INFO [1;37mCamera [1;34mcamera.cpp:1215 [0mconfiguring streams: (0) 1536x864-YUYV/Rec709 (1) 300x300-RGB888/Rec709/Rec709/None/Full
[2:35:51.650704154] [15021] [1;32m INFO [1;37mRPI [1;34mpisp.cpp:1483 [0mSensor: /base/axi/pcie@120000/rp1/i2c@88000/imx708@1a - Selected sensor format: 1536x864-SBGGR10_1X10/RAW - Selected CFE format: 1536x864-PC1B/RAW
[INFO] Libcamera dual streams configured.
[INFO] Actual Video Stream Config: 1536x864 format: '56595559'
[INFO] Actual TPU Stream Config: 300x300 format: '34324752' stride: 960
[INFO] Libcamera buffers allocated for main video stream. Number of buffers: 4
[INFO] Libcamera buffers allocated for TPU stream. Number of buffers: 4
[INFO] Libcamera requests created and buffers added for both streams.
[INFO] Initializing H.264 encoder...
[INFO] H.264 encoder initialized (placeholder).
[INFO] Camera setup completed successfully.
[DEBUG] InferenceEngine: Total worker thread loop iteration time: 10077 us
[DEBUG] InferenceEngine: Total worker thread loop iteration time: 10126 us
[DEBUG] InferenceEngine: Total worker thread loop iteration time: 10076 us
[DEBUG] InferenceEngine: Total worker thread loop iteration time: 10079 us
[DEBUG] InferenceEngine: Total worker thread loop iteration time: 10074 us
[DEBUG] InferenceEngine: Total worker thread loop iteration time: 10058 us
[DEBUG] InferenceEngine: Total worker thread loop iteration time: 10913 us
[DEBUG] InferenceEngine: Total worker thread loop iteration time: 10104 us
[DEBUG] InferenceEngine: Total worker thread loop iteration time: 10061 us
[DEBUG] InferenceEngine: Total worker thread loop iteration time: 10054 us
[DEBUG] InferenceEngine: Total worker thread loop iteration time: 10053 us
[DEBUG] InferenceEngine: Total worker thread loop iteration time: 10053 us
[DEBUG] InferenceEngine: Total worker thread loop iteration time: 10056 us
[DEBUG] InferenceEngine: Total worker thread loop iteration time: 10064 us
[DEBUG] InferenceEngine: Total worker thread loop iteration time: 10056 us
[DEBUG] InferenceEngine: Total worker thread loop iteration time: 10058 us
[DEBUG] InferenceEngine: Total worker thread loop iteration time: 10057 us
[DEBUG] InferenceEngine: Total worker thread loop iteration time: 10054 us
[INFO] Libcamera camera started successfully.
[INFO] Libcamera camera started.
[INFO] CameraCapture: All initial requests successfully queued.
[INFO] CameraCapture: Request processor thread started.
[INFO] OrientationSensor started.
[INFO] LogicModule started.
[INFO] OrientationSensor worker thread started (mocking data).
[INFO] SystemMonitor started.
[INFO] H264Encoder started.
[INFO] All modules started successfully.
[INFO] Modules started.
[INFO] Registered module for shutdown: SystemMonitor
[INFO] Registered module for shutdown: LogicModule
[INFO] Registered module for shutdown: OrientationSensor
[INFO] Registered module for shutdown: CameraCapture
[INFO] Registered module for shutdown: H264Encoder
[INFO] Registered module for shutdown: ImageProcessor
[INFO] Registered module for shutdown: InferenceEngine
[INFO] Running application. Press Ctrl+C to quit.
[INFO] SystemMonitor worker thread started.
[INFO] LogicModule worker thread started.
[DEBUG] LogicModule: Pop failed (queue empty or stopped). Sleeping for 10ms.
[INFO] H264Encoder worker thread started.
[INFO] H264Encoder: Initializing x264 with width=1536, height=864, fps=30.000000
[DEBUG] InferenceEngine: Total worker thread loop iteration time: 10055 us
[DEBUG] LogicModule: Pop failed (queue empty or stopped). Sleeping for 10ms.
[DEBUG] InferenceEngine: Total worker thread loop iteration time: 10053 us
[DEBUG] LogicModule: Pop failed (queue empty or stopped). Sleeping for 10ms.
[DEBUG] InferenceEngine: Total worker thread loop iteration time: 10052 us
[DEBUG] LogicModule: Pop failed (queue empty or stopped). Sleeping for 10ms.
[DEBUG] InferenceEngine: Total worker thread loop iteration time: 10052 us
[DEBUG] LogicModule: Pop failed (queue empty or stopped). Sleeping for 10ms.
[DEBUG] InferenceEngine: Total worker thread loop iteration time: 10052 us
[DEBUG] LogicModule: Pop failed (queue empty or stopped). Sleeping for 10ms.
[DEBUG] InferenceEngine: Total worker thread loop iteration time: 10303 us
[DEBUG] LogicModule: Pop failed (queue empty or stopped). Sleeping for 10ms.
[DEBUG] InferenceEngine: Total worker thread loop iteration time: 10058 us
[INFO] H264Encoder: x264 parameters - width=1536, height=864, csp=2, fps_num=30, fps_den=1, keyint_max=30, threads=1
[INFO] H264Encoder: Attempting to open x264 encoder...
[DEBUG] LogicModule: Pop failed (queue empty or stopped). Sleeping for 10ms.
[INFO] CameraCapture: request_complete_callback invoked.
[DEBUG] CameraCapture: Request enqueued for processing.
[DEBUG] SensorTimestamp (ns): 9351883163000, converted call_ts (epoch ms): 1765484154850
[DEBUG] ExposureTime (us): 884, converted exposure_ms: 0
[INFO] Processing frame for Main Video Stream with format: '56595559'
[INFO] Frame buffer has 1 planes.
[INFO] Plane 0: fd=50, length=2654208
[INFO] Acquiring buffer from pool...
[DEBUG] ImagePool: Acquired buffer. Available: 79
[DEBUG] Time to acquire buffer: 9 us
[INFO] Mmapping plane buffer...
[DEBUG] InferenceEngine: Total worker thread loop iteration time: 10056 us
[INFO] Mmap successful. Copying data...
[DEBUG] Time for mmap and copy: 1807 us
[INFO] Data copied. Pooled buffer size: 2654208
[INFO] YUYV stream, no color conversion needed (assuming H264 takes YUYV).
[DEBUG] Time for color conversion: 1 us
[INFO] Image already target size. No resize needed.
[DEBUG] Time for resizing: 1 us
[INFO] Pushing Main Video Stream to queue. Final dimensions: 1536x864 format: '56595559'
[DEBUG] Time for queue push: 4 us
[INFO] Push successful.
[DEBUG] Total time for process_frame_buffer: 1839 us
[DEBUG] ImagePool: Acquired buffer. Available: 78
[DEBUG] Pushed raw TPU frame 0 to ImageProcessor queue. Dimensions: 300x300, format: RGB888
[DEBUG] ImagePool: Acquired buffer. Available: 77
x264 [info]: using cpu capabilities: ARMv8 NEON
x264 [info]: profile Constrained Baseline, level 4.0, 4:2:0, 8-bit
[INFO] H264Encoder: x264 encoder opened successfully.
[INFO] H264Encoder: Attempting to allocate x264 picture_in_...
[INFO] H264Encoder: x264 picture_in_ allocated.
[DEBUG] H264Encoder: Time to pop from queue: 3 us
[INFO] CameraCapture: request_complete_callback invoked.
[DEBUG] CameraCapture: Request enqueued for processing.
[DEBUG] SensorTimestamp (ns): 9351916482000, converted call_ts (epoch ms): 1765484154884
[DEBUG] ExposureTime (us): 884, converted exposure_ms: 0
[INFO] Processing frame for Main Video Stream with format: '56595559'
[INFO] Frame buffer has 1 planes.
[INFO] Plane 0: fd=51, length=2654208
[INFO] Acquiring buffer from pool...
[DEBUG] ImagePool: Acquired buffer. Available: 76
[DEBUG] Time to acquire buffer: 4 us
[INFO] Mmapping plane buffer...
[INFO] Mmap successful. Copying data...
[DEBUG] InferenceEngine: Total worker thread loop iteration time: 10056 us
[DEBUG] LogicModule: Pop failed (queue empty or stopped). Sleeping for 10ms.
[DEBUG] Time for mmap and copy: 1810 us
[INFO] Data copied. Pooled buffer size: 2654208
[INFO] YUYV stream, no color conversion needed (assuming H264 takes YUYV).
[DEBUG] Time for color conversion: 1 us
[INFO] Image already target size. No resize needed.
[DEBUG] Time for resizing: 1 us
[INFO] Pushing Main Video Stream to queue. Final dimensions: 1536x864 format: '56595559'
[DEBUG] Time for queue push: 4 us
[INFO] Push successful.
[DEBUG] Total time for process_frame_buffer: 1836 us
[DEBUG] ImagePool: Acquired buffer. Available: 75
[DEBUG] Pushed raw TPU frame 1 to ImageProcessor queue. Dimensions: 300x300, format: RGB888
[DEBUG] InferenceEngine: Total worker thread loop iteration time: 10055 us
[DEBUG] LogicModule: Pop failed (queue empty or stopped). Sleeping for 10ms.
[DEBUG] InferenceEngine: Total worker thread loop iteration time: 10053 us
[DEBUG] LogicModule: Pop failed (queue empty or stopped). Sleeping for 10ms.
[DEBUG] InferenceEngine: Total worker thread loop iteration time: 10054 us
[DEBUG] LogicModule: Pop failed (queue empty or stopped). Sleeping for 10ms.
[INFO] CameraCapture: request_complete_callback invoked.
[DEBUG] CameraCapture: Request enqueued for processing.
[DEBUG] SensorTimestamp (ns): 9351949799000, converted call_ts (epoch ms): 1765484154917
[DEBUG] ExposureTime (us): 884, converted exposure_ms: 0
[INFO] Processing frame for Main Video Stream with format: '56595559'
[INFO] Frame buffer has 1 planes.
[INFO] Plane 0: fd=52, length=2654208
[INFO] Acquiring buffer from pool...
[DEBUG] ImagePool: Acquired buffer. Available: 74
[DEBUG] Time to acquire buffer: 3 us
[INFO] Mmapping plane buffer...
[INFO] Mmap successful. Copying data...
[DEBUG] Time for mmap and copy: 1853 us
[INFO] Data copied. Pooled buffer size: 2654208
[INFO] YUYV stream, no color conversion needed (assuming H264 takes YUYV).
[DEBUG] Time for color conversion: 0 us
[INFO] Image already target size. No resize needed.
[DEBUG] Time for resizing: 0 us
[INFO] Pushing Main Video Stream to queue. Final dimensions: 1536x864 format: '56595559'
[DEBUG] Time for queue push: 3 us
[INFO] Push successful.
[DEBUG] Total time for process_frame_buffer: 1877 us
[DEBUG] ImagePool: Acquired buffer. Available: 73
[DEBUG] Pushed raw TPU frame 2 to ImageProcessor queue. Dimensions: 300x300, format: RGB888
[DEBUG] InferenceEngine: Total worker thread loop iteration time: 10055 us
[DEBUG] LogicModule: Pop failed (queue empty or stopped). Sleeping for 10ms.
[DEBUG] InferenceEngine: Total worker thread loop iteration time: 10057 us
[DEBUG] LogicModule: Pop failed (queue empty or stopped). Sleeping for 10ms.
[DEBUG] InferenceEngine: Total worker thread loop iteration time: 10057 us
[DEBUG] LogicModule: Pop failed (queue empty or stopped). Sleeping for 10ms.
[INFO] CameraCapture: request_complete_callback invoked.
[DEBUG] CameraCapture: Request enqueued for processing.
[DEBUG] SensorTimestamp (ns): 9351983119000, converted call_ts (epoch ms): 1765484154950
[DEBUG] ExposureTime (us): 884, converted exposure_ms: 0
[INFO] Processing frame for Main Video Stream with format: '56595559'
[INFO] Frame buffer has 1 planes.
[INFO] Plane 0: fd=53, length=2654208
[INFO] Acquiring buffer from pool...
[DEBUG] ImagePool: Acquired buffer. Available: 72
[DEBUG] Time to acquire buffer: 4 us
[INFO] Mmapping plane buffer...
[INFO] Mmap successful. Copying data...
[DEBUG] Time for mmap and copy: 1793 us
[INFO] Data copied. Pooled buffer size: 2654208
[INFO] YUYV stream, no color conversion needed (assuming H264 takes YUYV).
[DEBUG] Time for color conversion: 1 us
[INFO] Image already target size. No resize needed.
[DEBUG] Time for resizing: 0 us
[INFO] Pushing Main Video Stream to queue. Final dimensions: 1536x864 format: '56595559'
[DEBUG] Time for queue push: 4 us
[INFO] Push successful.
[DEBUG] Total time for process_frame_buffer: 1821 us
[DEBUG] ImagePool: Acquired buffer. Available: 71
[DEBUG] Pushed raw TPU frame 3 to ImageProcessor queue. Dimensions: 300x300, format: RGB888
[DEBUG] LogicModule: Pop failed (queue empty or stopped). Sleeping for 10ms.
[DEBUG] InferenceEngine: Total worker thread loop iteration time: 10064 us
[DEBUG] LogicModule: Pop failed (queue empty or stopped). Sleeping for 10ms.
[DEBUG] InferenceEngine: Total worker thread loop iteration time: 10053 us
[DEBUG] LogicModule: Pop failed (queue empty or stopped). Sleeping for 10ms.
[DEBUG] InferenceEngine: Total worker thread loop iteration time: 10054 us
[INFO] CameraCapture: request_complete_callback invoked.
[DEBUG] CameraCapture: Request enqueued for processing.
[DEBUG] SensorTimestamp (ns): 9352016435000, converted call_ts (epoch ms): 1765484154984
[DEBUG] ExposureTime (us): 884, converted exposure_ms: 0
[INFO] Processing frame for Main Video Stream with format: '56595559'
[INFO] Frame buffer has 1 planes.
[INFO] Plane 0: fd=50, length=2654208
[INFO] Acquiring buffer from pool...
[DEBUG] ImagePool: Acquired buffer. Available: 70
[DEBUG] Time to acquire buffer: 3 us
[INFO] Mmapping plane buffer...
[INFO] Mmap successful. Copying data...
[DEBUG] Time for mmap and copy: 1842 us
[INFO] Data copied. Pooled buffer size: 2654208
[INFO] YUYV stream, no color conversion needed (assuming H264 takes YUYV).
[DEBUG] Time for color conversion: 0 us
[INFO] Image already target size. No resize needed.
[DEBUG] Time for resizing: 1 us
[INFO] Pushing Main Video Stream to queue. Final dimensions: 1536x864 format: '56595559'
[DEBUG] Time for queue push: 4 us
[INFO] Push successful.
[DEBUG] Total time for process_frame_buffer: 1865 us
[DEBUG] ImagePool: Acquired buffer. Available: 69
[DEBUG] LogicModule: Pop failed (queue empty or stopped). Sleeping for 10ms.
[DEBUG] InferenceEngine: Total worker thread loop iteration time: 10083 us
[DEBUG] Pushed raw TPU frame 4 to ImageProcessor queue. Dimensions: 300x300, format: RGB888
[DEBUG] LogicModule: Pop failed (queue empty or stopped). Sleeping for 10ms.
[DEBUG] InferenceEngine: Total worker thread loop iteration time: 10067 us
[DEBUG] LogicModule: Pop failed (queue empty or stopped). Sleeping for 10ms.
[DEBUG] InferenceEngine: Total worker thread loop iteration time: 10048 us
[DEBUG] LogicModule: Pop failed (queue empty or stopped). Sleeping for 10ms.
[DEBUG] InferenceEngine: Total worker thread loop iteration time: 10057 us
[DEBUG] LogicModule: Pop failed (queue empty or stopped). Sleeping for 10ms.
[DEBUG] InferenceEngine: Total worker thread loop iteration time: 10054 us
